TimeQuest Timing Analyzer report for comp4
Tue Jan 03 16:11:42 2017
Quartus II 64-Bit Version 15.0.0 Build 145 04/22/2015 SJ Full Version


---------------------
; Table of Contents ;
---------------------
  1. Legal Notice
  2. TimeQuest Timing Analyzer Summary
  3. Parallel Compilation
  4. Clocks
  5. Slow 1200mV 100C Model Fmax Summary
  6. Slow 1200mV 100C Model Setup Summary
  7. Slow 1200mV 100C Model Hold Summary
  8. Slow 1200mV 100C Model Recovery Summary
  9. Slow 1200mV 100C Model Removal Summary
 10. Slow 1200mV 100C Model Minimum Pulse Width Summary
 11. Propagation Delay
 12. Minimum Propagation Delay
 13. Slow 1200mV -40C Model Fmax Summary
 14. Slow 1200mV -40C Model Setup Summary
 15. Slow 1200mV -40C Model Hold Summary
 16. Slow 1200mV -40C Model Recovery Summary
 17. Slow 1200mV -40C Model Removal Summary
 18. Slow 1200mV -40C Model Minimum Pulse Width Summary
 19. Propagation Delay
 20. Minimum Propagation Delay
 21. Fast 1200mV -40C Model Setup Summary
 22. Fast 1200mV -40C Model Hold Summary
 23. Fast 1200mV -40C Model Recovery Summary
 24. Fast 1200mV -40C Model Removal Summary
 25. Fast 1200mV -40C Model Minimum Pulse Width Summary
 26. Propagation Delay
 27. Minimum Propagation Delay
 28. Multicorner Timing Analysis Summary
 29. Propagation Delay
 30. Minimum Propagation Delay
 31. Board Trace Model Assignments
 32. Input Transition Times
 33. Signal Integrity Metrics (Slow 1200mv n40c Model)
 34. Signal Integrity Metrics (Slow 1200mv 100c Model)
 35. Signal Integrity Metrics (Fast 1200mv n40c Model)
 36. Clock Transfers
 37. Report TCCS
 38. Report RSKM
 39. Unconstrained Paths
 40. TimeQuest Timing Analyzer Messages



----------------
; Legal Notice ;
----------------
Copyright (C) 1991-2015 Altera Corporation. All rights reserved.
Your use of Altera Corporation's design tools, logic functions 
and other software and tools, and its AMPP partner logic 
functions, and any output files from any of the foregoing 
(including device programming or simulation files), and any 
associated documentation or information are expressly subject 
to the terms and conditions of the Altera Program License 
Subscription Agreement, the Altera Quartus II License Agreement,
the Altera MegaCore Function License Agreement, or other 
applicable license agreement, including, without limitation, 
that your use is for the sole purpose of programming logic 
devices manufactured by Altera and sold by Altera or its 
authorized distributors.  Please refer to the applicable 
agreement for further details.



+--------------------------------------------------------------------------+
; TimeQuest Timing Analyzer Summary                                        ;
+--------------------+-----------------------------------------------------+
; Quartus II Version ; Version 15.0.0 Build 145 04/22/2015 SJ Full Version ;
; Revision Name      ; comp4                                               ;
; Device Family      ; MAX 10                                              ;
; Device Name        ; 10M02SCM153I7G                                      ;
; Timing Models      ; Advance                                             ;
; Delay Model        ; Combined                                            ;
; Rise/Fall Delays   ; Enabled                                             ;
+--------------------+-----------------------------------------------------+


+------------------------------------------+
; Parallel Compilation                     ;
+----------------------------+-------------+
; Processors                 ; Number      ;
+----------------------------+-------------+
; Number detected on machine ; 4           ;
; Maximum allowed            ; 2           ;
;                            ;             ;
; Average used               ; 1.00        ;
; Maximum used               ; 2           ;
;                            ;             ;
; Usage by Processor         ; % Time Used ;
;     Processor 1            ; 100.0%      ;
;     Processor 2            ; < 0.1%      ;
;     Processors 3-4         ;   0.0%      ;
+----------------------------+-------------+


----------
; Clocks ;
----------
No clocks to report.


---------------------------------------
; Slow 1200mV 100C Model Fmax Summary ;
---------------------------------------
No paths to report.


----------------------------------------
; Slow 1200mV 100C Model Setup Summary ;
----------------------------------------
No paths to report.


---------------------------------------
; Slow 1200mV 100C Model Hold Summary ;
---------------------------------------
No paths to report.


-------------------------------------------
; Slow 1200mV 100C Model Recovery Summary ;
-------------------------------------------
No paths to report.


------------------------------------------
; Slow 1200mV 100C Model Removal Summary ;
------------------------------------------
No paths to report.


------------------------------------------------------
; Slow 1200mV 100C Model Minimum Pulse Width Summary ;
------------------------------------------------------
No paths to report.


+----------------------------------------------------------+
; Propagation Delay                                        ;
+------------+-------------+-------+-------+-------+-------+
; Input Port ; Output Port ; RR    ; RF    ; FR    ; FF    ;
+------------+-------------+-------+-------+-------+-------+
; x[0]       ; eq_led      ; 7.020 ; 7.172 ; 7.130 ; 7.267 ;
; x[0]       ; gt_led      ;       ; 7.443 ; 7.505 ;       ;
; x[0]       ; lt_led      ; 7.097 ;       ;       ; 7.222 ;
; x[1]       ; eq_led      ; 7.367 ; 7.558 ; 7.502 ; 7.640 ;
; x[1]       ; gt_led      ;       ; 7.790 ; 7.878 ;       ;
; x[1]       ; lt_led      ; 7.483 ;       ;       ; 7.594 ;
; x[2]       ; eq_led      ; 6.837 ; 7.298 ; 7.288 ; 7.055 ;
; x[2]       ; gt_led      ;       ; 7.260 ; 7.293 ;       ;
; x[2]       ; lt_led      ; 7.223 ;       ;       ; 7.380 ;
; x[3]       ; eq_led      ; 6.115 ; 6.229 ; 6.205 ; 6.328 ;
; x[3]       ; gt_led      ;       ; 6.553 ; 6.515 ;       ;
; x[3]       ; lt_led      ; 6.119 ;       ;       ; 6.332 ;
; y[0]       ; eq_led      ; 8.972 ; 9.118 ; 9.105 ; 9.293 ;
; y[0]       ; gt_led      ; 9.356 ;       ;       ; 9.528 ;
; y[0]       ; lt_led      ;       ; 9.064 ; 9.218 ;       ;
; y[1]       ; eq_led      ; 9.156 ; 9.336 ; 9.320 ; 9.462 ;
; y[1]       ; gt_led      ; 9.574 ;       ;       ; 9.743 ;
; y[1]       ; lt_led      ;       ; 9.248 ; 9.387 ;       ;
; y[2]       ; eq_led      ; 8.222 ; 8.681 ; 8.682 ; 8.468 ;
; y[2]       ; gt_led      ; 8.919 ;       ;       ; 9.105 ;
; y[2]       ; lt_led      ;       ; 8.314 ; 8.393 ;       ;
; y[3]       ; eq_led      ; 7.591 ; 7.705 ; 7.779 ; 7.852 ;
; y[3]       ; gt_led      ; 7.903 ;       ;       ; 8.177 ;
; y[3]       ; lt_led      ;       ; 7.710 ; 7.783 ;       ;
+------------+-------------+-------+-------+-------+-------+


+----------------------------------------------------------+
; Minimum Propagation Delay                                ;
+------------+-------------+-------+-------+-------+-------+
; Input Port ; Output Port ; RR    ; RF    ; FR    ; FF    ;
+------------+-------------+-------+-------+-------+-------+
; x[0]       ; eq_led      ; 6.590 ; 6.780 ; 6.696 ; 6.870 ;
; x[0]       ; gt_led      ;       ; 6.989 ; 7.046 ;       ;
; x[0]       ; lt_led      ; 6.668 ;       ;       ; 6.780 ;
; x[1]       ; eq_led      ; 6.844 ; 7.094 ; 7.004 ; 7.150 ;
; x[1]       ; gt_led      ;       ; 7.243 ; 7.326 ;       ;
; x[1]       ; lt_led      ; 6.982 ;       ;       ; 7.088 ;
; x[2]       ; eq_led      ; 6.489 ; 6.874 ; 6.850 ; 6.718 ;
; x[2]       ; gt_led      ;       ; 6.888 ; 6.894 ;       ;
; x[2]       ; lt_led      ; 6.762 ;       ;       ; 6.934 ;
; x[3]       ; eq_led      ; 5.859 ; 5.970 ; 5.949 ; 6.068 ;
; x[3]       ; gt_led      ;       ; 6.283 ; 6.247 ;       ;
; x[3]       ; lt_led      ; 5.864 ;       ;       ; 6.072 ;
; y[0]       ; eq_led      ; 8.459 ; 8.639 ; 8.594 ; 8.819 ;
; y[0]       ; gt_led      ; 8.815 ;       ;       ; 8.993 ;
; y[0]       ; lt_led      ;       ; 8.543 ; 8.707 ;       ;
; y[1]       ; eq_led      ; 8.579 ; 8.778 ; 8.723 ; 8.905 ;
; y[1]       ; gt_led      ; 8.954 ;       ;       ; 9.122 ;
; y[1]       ; lt_led      ;       ; 8.663 ; 8.793 ;       ;
; y[2]       ; eq_led      ; 7.817 ; 8.189 ; 8.190 ; 8.071 ;
; y[2]       ; gt_led      ; 8.365 ;       ;       ; 8.589 ;
; y[2]       ; lt_led      ;       ; 7.901 ; 7.959 ;       ;
; y[3]       ; eq_led      ; 7.272 ; 7.384 ; 7.458 ; 7.530 ;
; y[3]       ; gt_led      ; 7.570 ;       ;       ; 7.843 ;
; y[3]       ; lt_led      ;       ; 7.388 ; 7.460 ;       ;
+------------+-------------+-------+-------+-------+-------+


---------------------------------------
; Slow 1200mV -40C Model Fmax Summary ;
---------------------------------------
No paths to report.


----------------------------------------
; Slow 1200mV -40C Model Setup Summary ;
----------------------------------------
No paths to report.


---------------------------------------
; Slow 1200mV -40C Model Hold Summary ;
---------------------------------------
No paths to report.


-------------------------------------------
; Slow 1200mV -40C Model Recovery Summary ;
-------------------------------------------
No paths to report.


------------------------------------------
; Slow 1200mV -40C Model Removal Summary ;
------------------------------------------
No paths to report.


------------------------------------------------------
; Slow 1200mV -40C Model Minimum Pulse Width Summary ;
------------------------------------------------------
No paths to report.


+----------------------------------------------------------+
; Propagation Delay                                        ;
+------------+-------------+-------+-------+-------+-------+
; Input Port ; Output Port ; RR    ; RF    ; FR    ; FF    ;
+------------+-------------+-------+-------+-------+-------+
; x[0]       ; eq_led      ; 6.168 ; 6.422 ; 6.151 ; 6.403 ;
; x[0]       ; gt_led      ;       ; 6.747 ; 6.398 ;       ;
; x[0]       ; lt_led      ; 6.164 ;       ;       ; 6.426 ;
; x[1]       ; eq_led      ; 6.473 ; 6.760 ; 6.465 ; 6.718 ;
; x[1]       ; gt_led      ;       ; 7.052 ; 6.713 ;       ;
; x[1]       ; lt_led      ; 6.502 ;       ;       ; 6.740 ;
; x[2]       ; eq_led      ; 5.997 ; 6.560 ; 6.253 ; 6.222 ;
; x[2]       ; gt_led      ;       ; 6.576 ; 6.217 ;       ;
; x[2]       ; lt_led      ; 6.302 ;       ;       ; 6.528 ;
; x[3]       ; eq_led      ; 5.343 ; 5.645 ; 5.288 ; 5.595 ;
; x[3]       ; gt_led      ;       ; 5.943 ; 5.544 ;       ;
; x[3]       ; lt_led      ; 5.348 ;       ;       ; 5.595 ;
; y[0]       ; eq_led      ; 7.756 ; 8.011 ; 7.787 ; 8.073 ;
; y[0]       ; gt_led      ; 8.006 ;       ;       ; 8.366 ;
; y[0]       ; lt_led      ;       ; 8.031 ; 7.815 ;       ;
; y[1]       ; eq_led      ; 7.922 ; 8.205 ; 7.954 ; 8.210 ;
; y[1]       ; gt_led      ; 8.200 ;       ;       ; 8.533 ;
; y[1]       ; lt_led      ;       ; 8.197 ; 7.952 ;       ;
; y[2]       ; eq_led      ; 7.083 ; 7.643 ; 7.376 ; 7.357 ;
; y[2]       ; gt_led      ; 7.638 ;       ;       ; 7.955 ;
; y[2]       ; lt_led      ;       ; 7.358 ; 7.099 ;       ;
; y[3]       ; eq_led      ; 6.503 ; 6.805 ; 6.582 ; 6.850 ;
; y[3]       ; gt_led      ; 6.761 ;       ;       ; 7.149 ;
; y[3]       ; lt_led      ;       ; 6.805 ; 6.586 ;       ;
+------------+-------------+-------+-------+-------+-------+


+----------------------------------------------------------+
; Minimum Propagation Delay                                ;
+------------+-------------+-------+-------+-------+-------+
; Input Port ; Output Port ; RR    ; RF    ; FR    ; FF    ;
+------------+-------------+-------+-------+-------+-------+
; x[0]       ; eq_led      ; 5.752 ; 6.049 ; 5.741 ; 6.029 ;
; x[0]       ; gt_led      ;       ; 6.308 ; 5.971 ;       ;
; x[0]       ; lt_led      ; 5.757 ;       ;       ; 6.004 ;
; x[1]       ; eq_led      ; 5.971 ; 6.322 ; 5.999 ; 6.262 ;
; x[1]       ; gt_led      ;       ; 6.527 ; 6.204 ;       ;
; x[1]       ; lt_led      ; 6.030 ;       ;       ; 6.262 ;
; x[2]       ; eq_led      ; 5.659 ; 6.167 ; 5.847 ; 5.904 ;
; x[2]       ; gt_led      ;       ; 6.215 ; 5.846 ;       ;
; x[2]       ; lt_led      ; 5.875 ;       ;       ; 6.110 ;
; x[3]       ; eq_led      ; 5.091 ; 5.389 ; 5.041 ; 5.344 ;
; x[3]       ; gt_led      ;       ; 5.676 ; 5.287 ;       ;
; x[3]       ; lt_led      ; 5.096 ;       ;       ; 5.344 ;
; y[0]       ; eq_led      ; 7.274 ; 7.565 ; 7.308 ; 7.637 ;
; y[0]       ; gt_led      ; 7.507 ;       ;       ; 7.864 ;
; y[0]       ; lt_led      ;       ; 7.537 ; 7.345 ;       ;
; y[1]       ; eq_led      ; 7.385 ; 7.695 ; 7.403 ; 7.701 ;
; y[1]       ; gt_led      ; 7.637 ;       ;       ; 7.959 ;
; y[1]       ; lt_led      ;       ; 7.648 ; 7.409 ;       ;
; y[2]       ; eq_led      ; 6.702 ; 7.192 ; 6.922 ; 6.991 ;
; y[2]       ; gt_led      ; 7.134 ;       ;       ; 7.478 ;
; y[2]       ; lt_led      ;       ; 6.965 ; 6.699 ;       ;
; y[3]       ; eq_led      ; 6.200 ; 6.498 ; 6.283 ; 6.548 ;
; y[3]       ; gt_led      ; 6.446 ;       ;       ; 6.835 ;
; y[3]       ; lt_led      ;       ; 6.497 ; 6.286 ;       ;
+------------+-------------+-------+-------+-------+-------+


----------------------------------------
; Fast 1200mV -40C Model Setup Summary ;
----------------------------------------
No paths to report.


---------------------------------------
; Fast 1200mV -40C Model Hold Summary ;
---------------------------------------
No paths to report.


-------------------------------------------
; Fast 1200mV -40C Model Recovery Summary ;
-------------------------------------------
No paths to report.


------------------------------------------
; Fast 1200mV -40C Model Removal Summary ;
------------------------------------------
No paths to report.


------------------------------------------------------
; Fast 1200mV -40C Model Minimum Pulse Width Summary ;
------------------------------------------------------
No paths to report.


+----------------------------------------------------------+
; Propagation Delay                                        ;
+------------+-------------+-------+-------+-------+-------+
; Input Port ; Output Port ; RR    ; RF    ; FR    ; FF    ;
+------------+-------------+-------+-------+-------+-------+
; x[0]       ; eq_led      ; 2.713 ; 2.748 ; 3.244 ; 3.278 ;
; x[0]       ; gt_led      ;       ; 2.824 ; 3.448 ;       ;
; x[0]       ; lt_led      ; 2.779 ;       ;       ; 3.226 ;
; x[1]       ; eq_led      ; 2.839 ; 2.887 ; 3.398 ; 3.425 ;
; x[1]       ; gt_led      ;       ; 2.950 ; 3.595 ;       ;
; x[1]       ; lt_led      ; 2.918 ;       ;       ; 3.380 ;
; x[2]       ; eq_led      ; 2.678 ; 2.812 ; 3.379 ; 3.252 ;
; x[2]       ; gt_led      ;       ; 2.789 ; 3.422 ;       ;
; x[2]       ; lt_led      ; 2.843 ;       ;       ; 3.361 ;
; x[3]       ; eq_led      ; 2.414 ; 2.397 ; 2.967 ; 2.956 ;
; x[3]       ; gt_led      ;       ; 2.524 ; 3.111 ;       ;
; x[3]       ; lt_led      ; 2.414 ;       ;       ; 2.952 ;
; y[0]       ; eq_led      ; 3.548 ; 3.587 ; 4.099 ; 4.144 ;
; y[0]       ; gt_led      ; 3.757 ;       ;       ; 4.210 ;
; y[0]       ; lt_led      ;       ; 3.530 ; 4.175 ;       ;
; y[1]       ; eq_led      ; 3.618 ; 3.667 ; 4.191 ; 4.214 ;
; y[1]       ; gt_led      ; 3.837 ;       ;       ; 4.302 ;
; y[1]       ; lt_led      ;       ; 3.600 ; 4.245 ;       ;
; y[2]       ; eq_led      ; 3.275 ; 3.411 ; 3.961 ; 3.836 ;
; y[2]       ; gt_led      ; 3.581 ;       ;       ; 4.072 ;
; y[2]       ; lt_led      ;       ; 3.257 ; 3.867 ;       ;
; y[3]       ; eq_led      ; 3.049 ; 3.037 ; 3.616 ; 3.585 ;
; y[3]       ; gt_led      ; 3.195 ;       ;       ; 3.713 ;
; y[3]       ; lt_led      ;       ; 3.034 ; 3.615 ;       ;
+------------+-------------+-------+-------+-------+-------+


+----------------------------------------------------------+
; Minimum Propagation Delay                                ;
+------------+-------------+-------+-------+-------+-------+
; Input Port ; Output Port ; RR    ; RF    ; FR    ; FF    ;
+------------+-------------+-------+-------+-------+-------+
; x[0]       ; eq_led      ; 2.569 ; 2.615 ; 3.096 ; 3.148 ;
; x[0]       ; gt_led      ;       ; 2.670 ; 3.293 ;       ;
; x[0]       ; lt_led      ; 2.628 ;       ;       ; 3.076 ;
; x[1]       ; eq_led      ; 2.662 ; 2.730 ; 3.225 ; 3.262 ;
; x[1]       ; gt_led      ;       ; 2.763 ; 3.407 ;       ;
; x[1]       ; lt_led      ; 2.743 ;       ;       ; 3.205 ;
; x[2]       ; eq_led      ; 2.561 ; 2.663 ; 3.222 ; 3.134 ;
; x[2]       ; gt_led      ;       ; 2.662 ; 3.279 ;       ;
; x[2]       ; lt_led      ; 2.676 ;       ;       ; 3.202 ;
; x[3]       ; eq_led      ; 2.329 ; 2.313 ; 2.878 ; 2.868 ;
; x[3]       ; gt_led      ;       ; 2.434 ; 3.016 ;       ;
; x[3]       ; lt_led      ; 2.328 ;       ;       ; 2.864 ;
; y[0]       ; eq_led      ; 3.368 ; 3.424 ; 3.919 ; 3.975 ;
; y[0]       ; gt_led      ; 3.569 ;       ;       ; 4.020 ;
; y[0]       ; lt_led      ;       ; 3.348 ; 3.988 ;       ;
; y[1]       ; eq_led      ; 3.413 ; 3.472 ; 3.974 ; 4.016 ;
; y[1]       ; gt_led      ; 3.617 ;       ;       ; 4.075 ;
; y[1]       ; lt_led      ;       ; 3.393 ; 4.029 ;       ;
; y[2]       ; eq_led      ; 3.134 ; 3.234 ; 3.782 ; 3.693 ;
; y[2]       ; gt_led      ; 3.379 ;       ;       ; 3.883 ;
; y[2]       ; lt_led      ;       ; 3.114 ; 3.706 ;       ;
; y[3]       ; eq_led      ; 2.937 ; 2.926 ; 3.501 ; 3.472 ;
; y[3]       ; gt_led      ; 3.075 ;       ;       ; 3.594 ;
; y[3]       ; lt_led      ;       ; 2.924 ; 3.498 ;       ;
+------------+-------------+-------+-------+-------+-------+


+----------------------------------------------------------------------------+
; Multicorner Timing Analysis Summary                                        ;
+------------------+-------+------+----------+---------+---------------------+
; Clock            ; Setup ; Hold ; Recovery ; Removal ; Minimum Pulse Width ;
+------------------+-------+------+----------+---------+---------------------+
; Worst-case Slack ; N/A   ; N/A  ; N/A      ; N/A     ; N/A                 ;
; Design-wide TNS  ; 0.0   ; 0.0  ; 0.0      ; 0.0     ; 0.0                 ;
+------------------+-------+------+----------+---------+---------------------+


+----------------------------------------------------------+
; Propagation Delay                                        ;
+------------+-------------+-------+-------+-------+-------+
; Input Port ; Output Port ; RR    ; RF    ; FR    ; FF    ;
+------------+-------------+-------+-------+-------+-------+
; x[0]       ; eq_led      ; 7.020 ; 7.172 ; 7.130 ; 7.267 ;
; x[0]       ; gt_led      ;       ; 7.443 ; 7.505 ;       ;
; x[0]       ; lt_led      ; 7.097 ;       ;       ; 7.222 ;
; x[1]       ; eq_led      ; 7.367 ; 7.558 ; 7.502 ; 7.640 ;
; x[1]       ; gt_led      ;       ; 7.790 ; 7.878 ;       ;
; x[1]       ; lt_led      ; 7.483 ;       ;       ; 7.594 ;
; x[2]       ; eq_led      ; 6.837 ; 7.298 ; 7.288 ; 7.055 ;
; x[2]       ; gt_led      ;       ; 7.260 ; 7.293 ;       ;
; x[2]       ; lt_led      ; 7.223 ;       ;       ; 7.380 ;
; x[3]       ; eq_led      ; 6.115 ; 6.229 ; 6.205 ; 6.328 ;
; x[3]       ; gt_led      ;       ; 6.553 ; 6.515 ;       ;
; x[3]       ; lt_led      ; 6.119 ;       ;       ; 6.332 ;
; y[0]       ; eq_led      ; 8.972 ; 9.118 ; 9.105 ; 9.293 ;
; y[0]       ; gt_led      ; 9.356 ;       ;       ; 9.528 ;
; y[0]       ; lt_led      ;       ; 9.064 ; 9.218 ;       ;
; y[1]       ; eq_led      ; 9.156 ; 9.336 ; 9.320 ; 9.462 ;
; y[1]       ; gt_led      ; 9.574 ;       ;       ; 9.743 ;
; y[1]       ; lt_led      ;       ; 9.248 ; 9.387 ;       ;
; y[2]       ; eq_led      ; 8.222 ; 8.681 ; 8.682 ; 8.468 ;
; y[2]       ; gt_led      ; 8.919 ;       ;       ; 9.105 ;
; y[2]       ; lt_led      ;       ; 8.314 ; 8.393 ;       ;
; y[3]       ; eq_led      ; 7.591 ; 7.705 ; 7.779 ; 7.852 ;
; y[3]       ; gt_led      ; 7.903 ;       ;       ; 8.177 ;
; y[3]       ; lt_led      ;       ; 7.710 ; 7.783 ;       ;
+------------+-------------+-------+-------+-------+-------+


+----------------------------------------------------------+
; Minimum Propagation Delay                                ;
+------------+-------------+-------+-------+-------+-------+
; Input Port ; Output Port ; RR    ; RF    ; FR    ; FF    ;
+------------+-------------+-------+-------+-------+-------+
; x[0]       ; eq_led      ; 2.569 ; 2.615 ; 3.096 ; 3.148 ;
; x[0]       ; gt_led      ;       ; 2.670 ; 3.293 ;       ;
; x[0]       ; lt_led      ; 2.628 ;       ;       ; 3.076 ;
; x[1]       ; eq_led      ; 2.662 ; 2.730 ; 3.225 ; 3.262 ;
; x[1]       ; gt_led      ;       ; 2.763 ; 3.407 ;       ;
; x[1]       ; lt_led      ; 2.743 ;       ;       ; 3.205 ;
; x[2]       ; eq_led      ; 2.561 ; 2.663 ; 3.222 ; 3.134 ;
; x[2]       ; gt_led      ;       ; 2.662 ; 3.279 ;       ;
; x[2]       ; lt_led      ; 2.676 ;       ;       ; 3.202 ;
; x[3]       ; eq_led      ; 2.329 ; 2.313 ; 2.878 ; 2.868 ;
; x[3]       ; gt_led      ;       ; 2.434 ; 3.016 ;       ;
; x[3]       ; lt_led      ; 2.328 ;       ;       ; 2.864 ;
; y[0]       ; eq_led      ; 3.368 ; 3.424 ; 3.919 ; 3.975 ;
; y[0]       ; gt_led      ; 3.569 ;       ;       ; 4.020 ;
; y[0]       ; lt_led      ;       ; 3.348 ; 3.988 ;       ;
; y[1]       ; eq_led      ; 3.413 ; 3.472 ; 3.974 ; 4.016 ;
; y[1]       ; gt_led      ; 3.617 ;       ;       ; 4.075 ;
; y[1]       ; lt_led      ;       ; 3.393 ; 4.029 ;       ;
; y[2]       ; eq_led      ; 3.134 ; 3.234 ; 3.782 ; 3.693 ;
; y[2]       ; gt_led      ; 3.379 ;       ;       ; 3.883 ;
; y[2]       ; lt_led      ;       ; 3.114 ; 3.706 ;       ;
; y[3]       ; eq_led      ; 2.937 ; 2.926 ; 3.501 ; 3.472 ;
; y[3]       ; gt_led      ; 3.075 ;       ;       ; 3.594 ;
; y[3]       ; lt_led      ;       ; 2.924 ; 3.498 ;       ;
+------------+-------------+-------+-------+-------+-------+


+-----------------------------------------------------------------------------------------------------------------------------------------------------------------------------------------------------------------------------------------------------------------------------------------------------------------------------------------------------------------------------------------------------------------+
; Board Trace Model Assignments                                                                                                                                                                                                                                                                                                                                                                                   ;
+--------------+--------------+-------------------+-------------------------+-------------------------+---------------+---------------------+----------------+------------------+--------+------------------+------------------------+------------------------+--------------+---------------+-----------------+-------+---------------------+--------------------+---------------+-----------------+-------------+
; Pin          ; I/O Standard ; Near Tline Length ; Near Tline L per Length ; Near Tline C per Length ; Near Series R ; Near Differential R ; Near Pull-up R ; Near Pull-down R ; Near C ; Far Tline Length ; Far Tline L per Length ; Far Tline C per Length ; Far Series R ; Far Pull-up R ; Far Pull-down R ; Far C ; Termination Voltage ; Far Differential R ; EBD File Name ; EBD Signal Name ; EBD Far-end ;
+--------------+--------------+-------------------+-------------------------+-------------------------+---------------+---------------------+----------------+------------------+--------+------------------+------------------------+------------------------+--------------+---------------+-----------------+-------+---------------------+--------------------+---------------+-----------------+-------------+
; gt_led       ; 3.3-V LVTTL  ; 0 in              ; 0 H/in                  ; 0 F/in                  ; short         ; -                   ; open           ; open             ; open   ; 0 in             ; 0 H/in                 ; 0 F/in                 ; short        ; open          ; open            ; open  ; 0 V                 ; -                  ; n/a           ; n/a             ; n/a         ;
; eq_led       ; 3.3-V LVTTL  ; 0 in              ; 0 H/in                  ; 0 F/in                  ; short         ; -                   ; open           ; open             ; open   ; 0 in             ; 0 H/in                 ; 0 F/in                 ; short        ; open          ; open            ; open  ; 0 V                 ; -                  ; n/a           ; n/a             ; n/a         ;
; lt_led       ; 3.3-V LVTTL  ; 0 in              ; 0 H/in                  ; 0 F/in                  ; short         ; -                   ; open           ; open             ; open   ; 0 in             ; 0 H/in                 ; 0 F/in                 ; short        ; open          ; open            ; open  ; 0 V                 ; -                  ; n/a           ; n/a             ; n/a         ;
; ~ALTERA_TDO~ ; 3.3-V LVTTL  ; 0 in              ; 0 H/in                  ; 0 F/in                  ; short         ; -                   ; open           ; open             ; open   ; 0 in             ; 0 H/in                 ; 0 F/in                 ; short        ; open          ; open            ; open  ; 0 V                 ; -                  ; n/a           ; n/a             ; n/a         ;
+--------------+--------------+-------------------+-------------------------+-------------------------+---------------+---------------------+----------------+------------------+--------+------------------+------------------------+------------------------+--------------+---------------+-----------------+-------+---------------------+--------------------+---------------+-----------------+-------------+


+---------------------------------------------------------------------------------+
; Input Transition Times                                                          ;
+---------------------+-----------------------+-----------------+-----------------+
; Pin                 ; I/O Standard          ; 10-90 Rise Time ; 90-10 Fall Time ;
+---------------------+-----------------------+-----------------+-----------------+
; x[3]                ; 3.3-V LVTTL           ; 2640 ps         ; 2640 ps         ;
; x[2]                ; 3.3-V LVTTL           ; 2640 ps         ; 2640 ps         ;
; x[1]                ; 3.3-V LVTTL           ; 2640 ps         ; 2640 ps         ;
; x[0]                ; 3.3-V LVTTL           ; 2640 ps         ; 2640 ps         ;
; y[0]                ; 3.3-V LVTTL           ; 2640 ps         ; 2640 ps         ;
; y[1]                ; 3.3-V LVTTL           ; 2640 ps         ; 2640 ps         ;
; y[2]                ; 3.3-V LVTTL           ; 2640 ps         ; 2640 ps         ;
; y[3]                ; 3.3-V LVTTL           ; 2640 ps         ; 2640 ps         ;
; ~ALTERA_TMS~        ; 3.3 V Schmitt Trigger ; 2640 ps         ; 2640 ps         ;
; ~ALTERA_TCK~        ; 3.3 V Schmitt Trigger ; 2640 ps         ; 2640 ps         ;
; ~ALTERA_TDI~        ; 3.3 V Schmitt Trigger ; 2640 ps         ; 2640 ps         ;
; ~ALTERA_CONFIG_SEL~ ; 3.3-V LVTTL           ; 2640 ps         ; 2640 ps         ;
; ~ALTERA_nCONFIG~    ; 3.3 V Schmitt Trigger ; 2640 ps         ; 2640 ps         ;
; ~ALTERA_nSTATUS~    ; 3.3 V Schmitt Trigger ; 2640 ps         ; 2640 ps         ;
; ~ALTERA_CONF_DONE~  ; 3.3 V Schmitt Trigger ; 2640 ps         ; 2640 ps         ;
+---------------------+-----------------------+-----------------+-----------------+


+-------------------------------------------------------------------------------------------------------------------------------------------------------------------------------------------------------------------------------------------------------------------------------------------------------------------------------------------------------------------------------------------------------------------------------------------------------------------------------------------------------------------------------------------------------------------------------------------------------------------------------------------------------------------------------------------+
; Signal Integrity Metrics (Slow 1200mv n40c Model)                                                                                                                                                                                                                                                                                                                                                                                                                                                                                                                                                                                                                                         ;
+--------------+--------------+---------------------+---------------------+------------------------------+------------------------------+---------------------+---------------------+--------------------------------------+--------------------------------------+-----------------------------+-----------------------------+----------------------------+----------------------------+-----------------------------+-----------------------------+--------------------+--------------------+-------------------------------------+-------------------------------------+----------------------------+----------------------------+---------------------------+---------------------------+
; Pin          ; I/O Standard ; Board Delay on Rise ; Board Delay on Fall ; Steady State Voh at FPGA Pin ; Steady State Vol at FPGA Pin ; Voh Max at FPGA Pin ; Vol Min at FPGA Pin ; Ringback Voltage on Rise at FPGA Pin ; Ringback Voltage on Fall at FPGA Pin ; 10-90 Rise Time at FPGA Pin ; 90-10 Fall Time at FPGA Pin ; Monotonic Rise at FPGA Pin ; Monotonic Fall at FPGA Pin ; Steady State Voh at Far-end ; Steady State Vol at Far-end ; Voh Max at Far-end ; Vol Min at Far-end ; Ringback Voltage on Rise at Far-end ; Ringback Voltage on Fall at Far-end ; 10-90 Rise Time at Far-end ; 90-10 Fall Time at Far-end ; Monotonic Rise at Far-end ; Monotonic Fall at Far-end ;
+--------------+--------------+---------------------+---------------------+------------------------------+------------------------------+---------------------+---------------------+--------------------------------------+--------------------------------------+-----------------------------+-----------------------------+----------------------------+----------------------------+-----------------------------+-----------------------------+--------------------+--------------------+-------------------------------------+-------------------------------------+----------------------------+----------------------------+---------------------------+---------------------------+
; gt_led       ; 3.3-V LVTTL  ; 0 s                 ; 0 s                 ; 3.08 V                       ; 2.03e-08 V                   ; 3.19 V              ; -0.12 V             ; 0.339 V                              ; 0.337 V                              ; 4.77e-10 s                  ; 6.6e-10 s                   ; No                         ; No                         ; 3.08 V                      ; 2.03e-08 V                  ; 3.19 V             ; -0.12 V            ; 0.339 V                             ; 0.337 V                             ; 4.77e-10 s                 ; 6.6e-10 s                  ; No                        ; No                        ;
; eq_led       ; 3.3-V LVTTL  ; 0 s                 ; 0 s                 ; 3.08 V                       ; 2.03e-08 V                   ; 3.19 V              ; -0.12 V             ; 0.339 V                              ; 0.337 V                              ; 4.77e-10 s                  ; 6.6e-10 s                   ; No                         ; No                         ; 3.08 V                      ; 2.03e-08 V                  ; 3.19 V             ; -0.12 V            ; 0.339 V                             ; 0.337 V                             ; 4.77e-10 s                 ; 6.6e-10 s                  ; No                        ; No                        ;
; lt_led       ; 3.3-V LVTTL  ; 0 s                 ; 0 s                 ; 3.08 V                       ; 2.03e-08 V                   ; 3.19 V              ; -0.12 V             ; 0.339 V                              ; 0.337 V                              ; 4.77e-10 s                  ; 6.6e-10 s                   ; No                         ; No                         ; 3.08 V                      ; 2.03e-08 V                  ; 3.19 V             ; -0.12 V            ; 0.339 V                             ; 0.337 V                             ; 4.77e-10 s                 ; 6.6e-10 s                  ; No                        ; No                        ;
; ~ALTERA_TDO~ ; 3.3-V LVTTL  ; 0 s                 ; 0 s                 ; 3.08 V                       ; 2.03e-08 V                   ; 3.19 V              ; -0.12 V             ; 0.339 V                              ; 0.337 V                              ; 4.77e-10 s                  ; 6.6e-10 s                   ; No                         ; No                         ; 3.08 V                      ; 2.03e-08 V                  ; 3.19 V             ; -0.12 V            ; 0.339 V                             ; 0.337 V                             ; 4.77e-10 s                 ; 6.6e-10 s                  ; No                        ; No                        ;
+--------------+--------------+---------------------+---------------------+------------------------------+------------------------------+---------------------+---------------------+--------------------------------------+--------------------------------------+-----------------------------+-----------------------------+----------------------------+----------------------------+-----------------------------+-----------------------------+--------------------+--------------------+-------------------------------------+-------------------------------------+----------------------------+----------------------------+---------------------------+---------------------------+


+-------------------------------------------------------------------------------------------------------------------------------------------------------------------------------------------------------------------------------------------------------------------------------------------------------------------------------------------------------------------------------------------------------------------------------------------------------------------------------------------------------------------------------------------------------------------------------------------------------------------------------------------------------------------------------------------+
; Signal Integrity Metrics (Slow 1200mv 100c Model)                                                                                                                                                                                                                                                                                                                                                                                                                                                                                                                                                                                                                                         ;
+--------------+--------------+---------------------+---------------------+------------------------------+------------------------------+---------------------+---------------------+--------------------------------------+--------------------------------------+-----------------------------+-----------------------------+----------------------------+----------------------------+-----------------------------+-----------------------------+--------------------+--------------------+-------------------------------------+-------------------------------------+----------------------------+----------------------------+---------------------------+---------------------------+
; Pin          ; I/O Standard ; Board Delay on Rise ; Board Delay on Fall ; Steady State Voh at FPGA Pin ; Steady State Vol at FPGA Pin ; Voh Max at FPGA Pin ; Vol Min at FPGA Pin ; Ringback Voltage on Rise at FPGA Pin ; Ringback Voltage on Fall at FPGA Pin ; 10-90 Rise Time at FPGA Pin ; 90-10 Fall Time at FPGA Pin ; Monotonic Rise at FPGA Pin ; Monotonic Fall at FPGA Pin ; Steady State Voh at Far-end ; Steady State Vol at Far-end ; Voh Max at Far-end ; Vol Min at Far-end ; Ringback Voltage on Rise at Far-end ; Ringback Voltage on Fall at Far-end ; 10-90 Rise Time at Far-end ; 90-10 Fall Time at Far-end ; Monotonic Rise at Far-end ; Monotonic Fall at Far-end ;
+--------------+--------------+---------------------+---------------------+------------------------------+------------------------------+---------------------+---------------------+--------------------------------------+--------------------------------------+-----------------------------+-----------------------------+----------------------------+----------------------------+-----------------------------+-----------------------------+--------------------+--------------------+-------------------------------------+-------------------------------------+----------------------------+----------------------------+---------------------------+---------------------------+
; gt_led       ; 3.3-V LVTTL  ; 0 s                 ; 0 s                 ; 3.08 V                       ; 8.84e-06 V                   ; 3.13 V              ; -0.0538 V           ; 0.304 V                              ; 0.318 V                              ; 6.92e-10 s                  ; 8.66e-10 s                  ; No                         ; No                         ; 3.08 V                      ; 8.84e-06 V                  ; 3.13 V             ; -0.0538 V          ; 0.304 V                             ; 0.318 V                             ; 6.92e-10 s                 ; 8.66e-10 s                 ; No                        ; No                        ;
; eq_led       ; 3.3-V LVTTL  ; 0 s                 ; 0 s                 ; 3.08 V                       ; 8.84e-06 V                   ; 3.13 V              ; -0.0538 V           ; 0.304 V                              ; 0.318 V                              ; 6.92e-10 s                  ; 8.66e-10 s                  ; No                         ; No                         ; 3.08 V                      ; 8.84e-06 V                  ; 3.13 V             ; -0.0538 V          ; 0.304 V                             ; 0.318 V                             ; 6.92e-10 s                 ; 8.66e-10 s                 ; No                        ; No                        ;
; lt_led       ; 3.3-V LVTTL  ; 0 s                 ; 0 s                 ; 3.08 V                       ; 8.84e-06 V                   ; 3.13 V              ; -0.0538 V           ; 0.304 V                              ; 0.318 V                              ; 6.92e-10 s                  ; 8.66e-10 s                  ; No                         ; No                         ; 3.08 V                      ; 8.84e-06 V                  ; 3.13 V             ; -0.0538 V          ; 0.304 V                             ; 0.318 V                             ; 6.92e-10 s                 ; 8.66e-10 s                 ; No                        ; No                        ;
; ~ALTERA_TDO~ ; 3.3-V LVTTL  ; 0 s                 ; 0 s                 ; 3.08 V                       ; 8.84e-06 V                   ; 3.13 V              ; -0.0538 V           ; 0.304 V                              ; 0.318 V                              ; 6.92e-10 s                  ; 8.66e-10 s                  ; No                         ; No                         ; 3.08 V                      ; 8.84e-06 V                  ; 3.13 V             ; -0.0538 V          ; 0.304 V                             ; 0.318 V                             ; 6.92e-10 s                 ; 8.66e-10 s                 ; No                        ; No                        ;
+--------------+--------------+---------------------+---------------------+------------------------------+------------------------------+---------------------+---------------------+--------------------------------------+--------------------------------------+-----------------------------+-----------------------------+----------------------------+----------------------------+-----------------------------+-----------------------------+--------------------+--------------------+-------------------------------------+-------------------------------------+----------------------------+----------------------------+---------------------------+---------------------------+


+-------------------------------------------------------------------------------------------------------------------------------------------------------------------------------------------------------------------------------------------------------------------------------------------------------------------------------------------------------------------------------------------------------------------------------------------------------------------------------------------------------------------------------------------------------------------------------------------------------------------------------------------------------------------------------------------+
; Signal Integrity Metrics (Fast 1200mv n40c Model)                                                                                                                                                                                                                                                                                                                                                                                                                                                                                                                                                                                                                                         ;
+--------------+--------------+---------------------+---------------------+------------------------------+------------------------------+---------------------+---------------------+--------------------------------------+--------------------------------------+-----------------------------+-----------------------------+----------------------------+----------------------------+-----------------------------+-----------------------------+--------------------+--------------------+-------------------------------------+-------------------------------------+----------------------------+----------------------------+---------------------------+---------------------------+
; Pin          ; I/O Standard ; Board Delay on Rise ; Board Delay on Fall ; Steady State Voh at FPGA Pin ; Steady State Vol at FPGA Pin ; Voh Max at FPGA Pin ; Vol Min at FPGA Pin ; Ringback Voltage on Rise at FPGA Pin ; Ringback Voltage on Fall at FPGA Pin ; 10-90 Rise Time at FPGA Pin ; 90-10 Fall Time at FPGA Pin ; Monotonic Rise at FPGA Pin ; Monotonic Fall at FPGA Pin ; Steady State Voh at Far-end ; Steady State Vol at Far-end ; Voh Max at Far-end ; Vol Min at Far-end ; Ringback Voltage on Rise at Far-end ; Ringback Voltage on Fall at Far-end ; 10-90 Rise Time at Far-end ; 90-10 Fall Time at Far-end ; Monotonic Rise at Far-end ; Monotonic Fall at Far-end ;
+--------------+--------------+---------------------+---------------------+------------------------------+------------------------------+---------------------+---------------------+--------------------------------------+--------------------------------------+-----------------------------+-----------------------------+----------------------------+----------------------------+-----------------------------+-----------------------------+--------------------+--------------------+-------------------------------------+-------------------------------------+----------------------------+----------------------------+---------------------------+---------------------------+
; gt_led       ; 3.3-V LVTTL  ; 0 s                 ; 0 s                 ; 3.46 V                       ; 7.66e-08 V                   ; 3.64 V              ; -0.0317 V           ; 0.485 V                              ; 0.079 V                              ; 2.97e-10 s                  ; 4.44e-10 s                  ; No                         ; Yes                        ; 3.46 V                      ; 7.66e-08 V                  ; 3.64 V             ; -0.0317 V          ; 0.485 V                             ; 0.079 V                             ; 2.97e-10 s                 ; 4.44e-10 s                 ; No                        ; Yes                       ;
; eq_led       ; 3.3-V LVTTL  ; 0 s                 ; 0 s                 ; 3.46 V                       ; 7.66e-08 V                   ; 3.64 V              ; -0.0317 V           ; 0.485 V                              ; 0.079 V                              ; 2.97e-10 s                  ; 4.44e-10 s                  ; No                         ; Yes                        ; 3.46 V                      ; 7.66e-08 V                  ; 3.64 V             ; -0.0317 V          ; 0.485 V                             ; 0.079 V                             ; 2.97e-10 s                 ; 4.44e-10 s                 ; No                        ; Yes                       ;
; lt_led       ; 3.3-V LVTTL  ; 0 s                 ; 0 s                 ; 3.46 V                       ; 7.66e-08 V                   ; 3.64 V              ; -0.0317 V           ; 0.485 V                              ; 0.079 V                              ; 2.97e-10 s                  ; 4.44e-10 s                  ; No                         ; Yes                        ; 3.46 V                      ; 7.66e-08 V                  ; 3.64 V             ; -0.0317 V          ; 0.485 V                             ; 0.079 V                             ; 2.97e-10 s                 ; 4.44e-10 s                 ; No                        ; Yes                       ;
; ~ALTERA_TDO~ ; 3.3-V LVTTL  ; 0 s                 ; 0 s                 ; 3.46 V                       ; 7.66e-08 V                   ; 3.64 V              ; -0.0317 V           ; 0.485 V                              ; 0.079 V                              ; 2.97e-10 s                  ; 4.44e-10 s                  ; No                         ; Yes                        ; 3.46 V                      ; 7.66e-08 V                  ; 3.64 V             ; -0.0317 V          ; 0.485 V                             ; 0.079 V                             ; 2.97e-10 s                 ; 4.44e-10 s                 ; No                        ; Yes                       ;
+--------------+--------------+---------------------+---------------------+------------------------------+------------------------------+---------------------+---------------------+--------------------------------------+--------------------------------------+-----------------------------+-----------------------------+----------------------------+----------------------------+-----------------------------+-----------------------------+--------------------+--------------------+-------------------------------------+-------------------------------------+----------------------------+----------------------------+---------------------------+---------------------------+


-------------------
; Clock Transfers ;
-------------------
Nothing to report.


---------------
; Report TCCS ;
---------------
No dedicated SERDES Transmitter circuitry present in device or used in design


---------------
; Report RSKM ;
---------------
No non-DPA dedicated SERDES Receiver circuitry present in device or used in design


+------------------------------------------------+
; Unconstrained Paths                            ;
+---------------------------------+-------+------+
; Property                        ; Setup ; Hold ;
+---------------------------------+-------+------+
; Illegal Clocks                  ; 0     ; 0    ;
; Unconstrained Clocks            ; 0     ; 0    ;
; Unconstrained Input Ports       ; 8     ; 8    ;
; Unconstrained Input Port Paths  ; 24    ; 24   ;
; Unconstrained Output Ports      ; 3     ; 3    ;
; Unconstrained Output Port Paths ; 24    ; 24   ;
+---------------------------------+-------+------+


+------------------------------------+
; TimeQuest Timing Analyzer Messages ;
+------------------------------------+
Info: *******************************************************************
Info: Running Quartus II 64-Bit TimeQuest Timing Analyzer
    Info: Version 15.0.0 Build 145 04/22/2015 SJ Full Version
    Info: Processing started: Tue Jan 03 16:11:38 2017
Info: Command: quartus_sta comp4 -c comp4
Info: qsta_default_script.tcl version: #11
Info (11104): Parallel Compilation has detected 4 hyper-threaded processors. However, the extra hyper-threaded processors will not be used by default. Parallel Compilation will use 2 of the 2 physical processors detected instead.
Info (21077): Low junction temperature is -40 degrees C
Info (21077): High junction temperature is 100 degrees C
Critical Warning (332012): Synopsys Design Constraints File file not found: 'comp4.sdc'. A Synopsys Design Constraints File is required by the TimeQuest Timing Analyzer to get proper timing constraints. Without it, the Compiler will not properly optimize the design.
Info (332142): No user constrained base clocks found in the design. Calling "derive_clocks -period 1.0"
Info (332096): The command derive_clocks did not find any clocks to derive.  No clocks were created or changed.
Warning (332068): No clocks defined in design.
Info (332143): No user constrained clock uncertainty found in the design. Calling "derive_clock_uncertainty"
Info (332154): The derive_clock_uncertainty command did not apply clock uncertainty to any clock-to-clock transfers.
Info: Found TIMEQUEST_REPORT_SCRIPT_INCLUDE_DEFAULT_ANALYSIS = ON
Info (332159): No clocks to report
Info: Analyzing Slow 1200mV 100C Model
Info (332140): No fmax paths to report
Info: Can't run Report Timing Closure Recommendations. The current device family is not supported.
Info (332140): No Setup paths to report
Info (332140): No Hold paths to report
Info (332140): No Recovery paths to report
Info (332140): No Removal paths to report
Info (332140): No Minimum Pulse Width paths to report
Info (332001): The selected device family is not supported by the report_metastability command.
Info: Analyzing Slow 1200mV -40C Model
Info (334003): Started post-fitting delay annotation
Warning (12535): Advance timing characteristics for device 10M02SCM153I7G. Delays will change in future releases.
Info (334004): Delay annotation completed successfully
Info (332142): No user constrained base clocks found in the design. Calling "derive_clocks -period 1.0"
Info (332096): The command derive_clocks did not find any clocks to derive.  No clocks were created or changed.
Warning (332068): No clocks defined in design.
Info (332154): The derive_clock_uncertainty command did not apply clock uncertainty to any clock-to-clock transfers.
Info (332140): No fmax paths to report
Info (332140): No Setup paths to report
Info (332140): No Hold paths to report
Info (332140): No Recovery paths to report
Info (332140): No Removal paths to report
Info (332140): No Minimum Pulse Width paths to report
Info (332001): The selected device family is not supported by the report_metastability command.
Info: Analyzing Fast 1200mV -40C Model
Info (332142): No user constrained base clocks found in the design. Calling "derive_clocks -period 1.0"
Info (332096): The command derive_clocks did not find any clocks to derive.  No clocks were created or changed.
Warning (332068): No clocks defined in design.
Info (332154): The derive_clock_uncertainty command did not apply clock uncertainty to any clock-to-clock transfers.
Info (332140): No Setup paths to report
Info (332140): No Hold paths to report
Info (332140): No Recovery paths to report
Info (332140): No Removal paths to report
Info (332140): No Minimum Pulse Width paths to report
Info (332001): The selected device family is not supported by the report_metastability command.
Info (332102): Design is not fully constrained for setup requirements
Info (332102): Design is not fully constrained for hold requirements
Info: Quartus II 64-Bit TimeQuest Timing Analyzer was successful. 0 errors, 5 warnings
    Info: Peak virtual memory: 722 megabytes
    Info: Processing ended: Tue Jan 03 16:11:42 2017
    Info: Elapsed time: 00:00:04
    Info: Total CPU time (on all processors): 00:00:04


